
> starberry-docs@1.0.0 build
> next build

  ▲ Next.js 14.2.35

   Linting and checking validity of types ...
   Creating an optimized production build ...
Failed to compile.

Error: Support of "_meta.json" was removed, use "_meta.{js,jsx,ts,tsx}" instead. Refactor following file "pages\_meta.json".
    at file:///C:/Users/SanmugasundaramKathi/OneDrive%20-%20Nurtur%20Limited/Starberry/starberry-docs/node_modules/nextra/dist/server/page-map.js:88:15
    at file:///C:/Users/SanmugasundaramKathi/OneDrive%20-%20Nurtur%20Limited/Starberry/starberry-docs/node_modules/p-limit/index.js:24:31
    at run (file:///C:/Users/SanmugasundaramKathi/OneDrive%20-%20Nurtur%20Limited/Starberry/starberry-docs/node_modules/p-limit/index.js:24:56)


> Build failed because of webpack errors
